#-----------------------------------------------------------
# Vivado v2023.1 (64-bit)
# SW Build 3865809 on Sun May  7 15:05:29 MDT 2023
# IP Build 3864474 on Sun May  7 20:36:21 MDT 2023
# SharedData Build 3865790 on Sun May 07 13:33:03 MDT 2023
# Start of session at: Fri Nov  3 10:03:51 2023
# Process ID: 12860
# Current directory: C:/Users/theil/ESD3-Opgaver/DigitalHardwareDesign/KG4/EX4
# Command line: vivado.exe -gui_launcher_event rodinguilauncherevent8432 C:\Users\theil\ESD3-Opgaver\DigitalHardwareDesign\KG4\EX4\EX4.xpr
# Log file: C:/Users/theil/ESD3-Opgaver/DigitalHardwareDesign/KG4/EX4/vivado.log
# Journal file: C:/Users/theil/ESD3-Opgaver/DigitalHardwareDesign/KG4/EX4\vivado.jou
# Running On: JohanTheil, OS: Windows, CPU Frequency: 2611 MHz, CPU Physical cores: 10, Host memory: 16839 MB
#-----------------------------------------------------------
start_gui
open_project C:/Users/theil/ESD3-Opgaver/DigitalHardwareDesign/KG4/EX4/EX4.xpr
update_compile_order -fileset sources_1
reset_run synth_1
launch_runs impl_1 -to_step write_bitstream -jobs 6
wait_on_run impl_1
open_run impl_1
set_property package_pin "" [get_ports [list  {In_bus[0]}]]
